07-30-2019 21:24:06.938,0,RECV,7E006D900013A200417E3816FFFE410000002C000040E012342B696C14396FF1F6C164B40FFFA0B14CAFB35C9B49CA0B06CA0B12C0B12CA12B06C7B56C9B25C0B00CA1B00C1B88CA0B17CA0B33C9B79C22B81C100358B08C56B05C164B67C8807B00AA000000000000000000000000007B
07-30-2019 21:24:11.988,1,RECV,7E0059900013A200417E3816FFFE410000002D000040E012342B696C14396FF1F6C164B40FFFA0B14CAFB35C9B49CA0B06CA0B12C0B12CA12B06C7B56C9B25C0B00CA1B00C1B88CA0B17CA0B33C9B79C22B81C100358B08C56B05C1699
07-30-2019 21:24:12.088,2,RECV,7E0058900013A200417E3816FFFE410000002E000147E012342B696C14396FF1F6C164B40FFFA0B14CA0B35C9B49CA0B06CA0B12C0B12CA12B06C7B56C9B25C0B00CA1B00C1B88CA0B17CA0B33C9B79C22B81C100358B08C56B05CB5
07-30-2019 21:24:12.188,3,RECV,7E0071900013A200417E3816FFFE410000002F049148E012342B696C24282FF1F6C164B40FFFA0B15CA0B35C9B46C0B06C0B19C0B00CA12B38C8B38C10B06C0B00CA1B00C1B88CA0B17CA0B33C9B79C22B83C100360B95C55B96C164B43C8828B00AA00000000000000000000000000000000000C3
07-30-2019 21:24:13.638,4,RECV,7E0071900013A200417E3816FFFE4100000030049148E012342B696C25733FF1F6C164B40FFFA0B18CA0B34C9B46C0B00C0B00C0B00CA12B06C9B88C10B06C0B00CA1B00C1B88CA0B17CA0B33C9B79C22B83C100358B74C55B94C164B61C8817B00AA00000000000000000000000000000000000BE
07-30-2019 21:24:13.958,5,RECV,7E0071900013A200417E3816FFFE4100000031049147E012342B696C26022FF1F6C164B40FFFA0B18CA0B34C9B48C0B00C0B06C0B06CA12B75C8B38C9B69C0B00CA1B00C1B88CA0B17CA0B33C9B79C22B83C100358B74C55B94C164B61C8822B50AA00000000000000000000000000000000000068
07-30-2019 21:24:18.988,6,RECV,7E0071900013A200417E3816FFFE4100000032000049E012342B696C27046FF1F6C164B40FFFA0B16CA0B35C9B48C0B12CA0B12C0B00CA12B06C9B06C8B88C0B00CA1B00C1B88CA0B17CA0B33C9B79C22B83C100359B07C55B95C164B59C8834B00AA000000000000000000000000000000000009F
07-30-2019 21:24:24.058,7,RECV,7E0059900013A200417E3816FFFE4100000033000049E012342B696C27046FF1F6C164B40FFFA0B16CA0B35C9B48C0B12CA0B12C0B00CA12B06C9B06C8B88C0B00CA1B00C1B88CA0B17CA0B33C9B79C22B83C100359B07C55B95C16405
07-30-2019 21:24:24.158,8,RECV,7E0059900013A200417E3816FFFE4100000034000148E012342B696C27046FF1F6C164B40FFFA0B16CA0B35C9B48C0B12CA0B12C0B00CA12B06C9B06C8B88C0B00CA1B00C1B88CA0B17CA0B33C9B79C22B83C100359B07C55B95C16404
07-30-2019 21:24:29.148,9,RECV,7E006D900013A200417E3816FFFE4100000035000040E012342B696C36309FF1F6C164B40FFFA0B14CAFB34C9B45CA0B06C0B00C0B00CA11B69C8B38C9B25C0B00CA1B00C1B88CA0B17CA0B33C9B79C22B86C100360B41C55B90C164B47C8797B00AA00000000000000000000000000015
07-30-2019 21:24:29.258,10,RECV,7E0059900013A200417E3816FFFE4100000036000148E012342B696C36309FF1F6C164B40FFFA0B14CA0B34C9B45CA0B06C0B00C0B00CA11B69C8B38C9B25C0B00CA1B00C1B88CA0B17CA0B33C9B79C22B86C100360B41C55B90C164C2
07-30-2019 21:24:34.288,11,RECV,7E006D900013A200417E3816FFFE4100000037000040E012342B696C41506FF1F6C164B40FFFA0B16CAFB34C9B47CA0B06C0B00C0B00CA12B38C8B75C10B06C0B00CA1B00C1B88CA0B17CA0B33C9B79C22B86C100358B95C55B82C164B59C8821B00AA0000000000000000000000000014
07-30-2019 21:24:39.338,12,RECV,7E0058900013A200417E3816FFFE4100000038000049E012342B696C41506FF1F6C164B40FFFA0B16CA0B34C9B47CA0B06C0B00C0B00CA12B38C8B75C10B06C0B00CA1B00C1B88CA0B17CA0B33C9B79C22B86C100358B95C55B82CE2
07-30-2019 21:24:39.388,13,RECV,7E0059900013A200417E3816FFFE4100000039000049E012342B696C41506FF1F6C164B40FFFA0B16CA0B34C9B47CA0B06C0B00C0B00CA12B38C8B75C10B06C0B00CA1B00C1B88CA0B17CA0B33C9B79C22B86C100358B95C55B82C16CB
07-30-2019 21:24:39.508,14,RECV,7E005A900013A200417E3816FFFE410000003A000151E012342B696C41506FF1F6C164B40FFFA0B16CA0B34C9B47CA0B06C0B00C0B00CA12B38C8B75C10B06C0B00CA1B00C1B88CA0B17CA0B33C9B79C22B86C100358B95C55B82C164B76
07-30-2019 21:24:44.438,15,RECV,7E0071900013A200417E3816FFFE410000003B000049E012342B696C52451FF1F6C164B40FFFA0B16CA0B33C9B46C0B06CA0B12C0B12CA11B25C8B75C9B69C0B00CA1B00C1B88CA0B17CA0B33C9B79C22B87C100359B88C55B64C164B52C8838B00AA0000000000000000000000000000000000004
07-30-2019 21:24:49.488,16,RECV,7E0059900013A200417E3816FFFE410000003C000040E012342B696C52451FF1F6C164B40FFFA0B16CAFB33C9B46C0B06CA0B12C0B12CA11B25C8B75C9B69C0B00CA1B00C1B88CA0B17CA0B33C9B79C22B87C100359B88C55B64C164F8
07-30-2019 21:24:54.538,17,RECV,7E0058900013A200417E3816FFFE410000003D000049E012342B696C52451FF1F6C164B40FFFA0B16CA0B33C9B46C0B06CA0B12C0B12CA11B25C8B75C9B69C0B00CA1B00C1B88CA0B17CA0B33C9B79C22B87C100359B88C55B64C161
07-30-2019 21:24:54.638,18,RECV,7E0058900013A200417E3816FFFE410000003E000146E012342B696C52451FF1F6C164B40FFFA0B16CA0B33C9B46C0B06CA0B12C0B12CA11B25C8B75C9B69C0B00CA1B00C1B88CA0B17CA0B33C9B79C22B87C100359B88C55B64C162
07-30-2019 21:24:54.888,19,RECV,7E006C900013A200417E3816FFFE410000003F040147E012442B947C6771F1F6C164B52FFFA0B17CA0B34C9B49C0B00C0B06CA0B06CA12B06C8B38C9B69C0B00CA1B00C1B88CA0B17CA0B33C9B79C22B89C100360B11C55B54C164B50C8830B00AA000000000000000000000000000C4
07-30-2019 21:24:59.938,20,RECV,7E006C900013A200417E3816FFFE4100000040000040E012442B947C7771F1F6C164B52FFFA0B16CA0B34C9B46C0B06CA0B19C0B00CA12B06C8B38C10B38C0B00CA1B00C1B88CA0B17CA0B33C9B79C22B89C100359B44C55B56C164B55C8809B00AA00000000000000000000000000B0
07-30-2019 21:25:04.998,21,RECV,7E0059900013A200417E3816FFFE4100000041000040E012442B947C7771F1F6C164B52FFFA0B16CA0B34C9B46C0B06CA0B19C0B00CA12B06C8B38C10B38C0B00CA1B00C1B88CA0B17CA0B33C9B79C22B89C100359B44C55B56C164B91
07-30-2019 21:25:05.098,22,RECV,7E0059900013A200417E3816FFFE4100000042000049E012442B947C7771F1F6C164B52FFFA0B16CA0B34C9B46CFB06CA0B19C0B00CA12B06C8B38C10B38C0B00CA1B00C1B88CA0B17CA0B33C9B79C22B89C100359B44C55B56C164B78
07-30-2019 21:25:05.198,23,RECV,7E0058900013A200417E3816FFFE4100000043000148E012442B947C7771F1F6C164B52FFFA0B16CA0B34C9B46C0B06CA0B19C0B00CA12B06C8B38C10B38C0B00CA1B00C1B88CA0B17CA0B33C9B79C22B89C100359B44C55B56C16D1
07-30-2019 21:25:10.198,24,RECV,7E006C900013A200417E3816FFFE4100000044000040E012442B947C18287FF1F6C164B52FFFA0B15CAFB34C9B45C0B06C0B06C0B06CA12B38C9B50C8B50C0B00CA1B00C1B88CA0B17CA0B33C9B79C22B89C100356B89C55B38C164B77C8804B00AA00000000000000000000000000F7
07-30-2019 21:25:10.308,25,RECV,7E005A900013A200417E3816FFFE4100000045000150E012442B947C18287FF1F6C164B52FFFA0B15CA0B34C9B45C0B06C0B06C0B06CA12B38C9B50C8B50C0B00CA1B00C1B88CA0B17CA0B33C9B79C22B89C100356B89C55B38C164B7731
07-30-2019 21:25:10.408,26,RECV,7E006D900013A200417E3816FFFE4100000046040148E012442B947C22120FF1F6C164B52FFFA0B17CA0B34C9B48CA0B06C0B12C0B00CA12B75C7B56C9B69C0B00CA1B00C1B88CA0B17CA0B33C9B79C22B89C100358B92C55B39C164B60C8810B00AA0000000000000000000000000006C
07-30-2019 21:25:15.338,27,RECV,7E0071900013A200417E3816FFFE4100000047000049E012442B947C23511FF1F6C164B52FFFA0B17CA0B33C9B48C0B00C0B00C0B06CA12B75C8B75C8B50C0B00CA1B00C1B88CA0B17CA0B33C9B79C22B89C100361B89C55B54C164B35C8847B00AA0000000000000000000000000000000000002C
07-30-2019 21:25:15.438,28,RECV,7E0059900013A200417E3816FFFE4100000048000148E012442B947C23511FF1F6C164B52FFFA0B17CA0B33C9B48C0B00C0B00C0B06CA12B75C8B75C8B50C0B00CA1B00C1B88CA0B17CA0B33C9B79C22B89C100361B89C55B54C164BD1
07-30-2019 21:25:20.438,29,RECV,7E0072900013A200417E3816FFFE4100000049000049E012442B947C27871FF1F6C164B52FFFA0B16CA0B33C9B45C0B06CA0B12CA0B06CA12B06C9B88C9B25C0B00CA1B00C1B88CA0B17CA0B33C9B79C22B90C100361B23C55B36C164B40C8827B00AA00000000000000000000000000000000000077
07-30-2019 21:25:20.538,30,RECV,7E0059900013A200417E3816FFFE410000004A000049E012442B947C27871FF1F6C164B52FFFA0B16CA0B33C9B45C0B06CA0B12CA0B06CA12B06C9B88C9B25C0B00CA1B00C1B88CA0B17CA0B33C9B79C22B90C100361B23C55B36C1670
07-30-2019 21:25:20.638,31,RECV,7E0059900013A200417E3816FFFE410000004B000149E012442B947C27871FF1F6C164B52FFFA0B16CA0B33C9B45C0B06CA0B12CA0B06CA12B06C9B88C9B25C0B00CA1B00C1B88CA0B17CA0B33C9B79C22B90C100361B23C55B36C166E
07-30-2019 21:25:21.898,32,RECV,7E006C900013A200417E3816FFFE410000004C000040E012442B947C33689FF1F6C164B52FFFA0B14CAFB33C9B46C0B00C0B00C0B00CA11B69C8B75C9B69C0B00CA1B00C1B88CA0B17CA0B33C9B79C22B92C100362B81C55B31C164B27C8823B00AA000000000000000000000000006F
07-30-2019 21:25:21.998,33,RECV,7E0058900013A200417E3816FFFE410000004D000040E012442B947C33689FF1F6C164B52FFFA0B14CAFB33C9B46C0B00C0B00C0B00CA11B69C8B75C9B69C0B00CA1B00C1B88CA0B17CA0B33C9B79C22B92C100362B81C55B31C160F
07-30-2019 21:25:22.098,34,RECV,7E0059900013A200417E3816FFFE410000004E000148E012442B947C33689FF1F6C164B52FFFA0B14CA0B33C9B46C0B00C0B00C0B00CA11B69C8B75C9B69C0B00CA1B00C1B88CA0B17CA0B33C9B79C22B92C100362B81C55B31C164BC9
07-30-2019 21:25:27.088,35,RECV,7E0071900013A200417E3816FFFE410000004F000049E012442B947C35134FF1F6C164B52FFFA0B17CA0B34C9B46C0B06C0B00C0B06CA11B69C8B00C9B25C0B00CA1B00C1B88CA0B17CA0B33C9B79C22B93C100363B30C55B43C164B23C8815B00AA00000000000000000000000000000000000078
07-30-2019 21:25:32.097,36,RECV,7E0059900013A200417E3816FFFE4100000050000040E012442B947C35134FF1F6C164B52FFFA0B17CAFB34C9B46C0B06C0B00C0B06CA11B69C8B00C9B25C0B00CA1B00C1B88CA0B17CA0B33C9B79C22B93C100363B30C55B43C164BE2
07-30-2019 21:25:32.197,37,RECV,7E0059900013A200417E3816FFFE4100000051000049E012442B947C35134FF1F6C164B52FFFA0B17CA0B34C9B46C0B06C0B00C0B06CA11B69C8B00C9B25C0B00CA1B00C1B88CA0B17CA0B33C9B79C22B93C100363B30C55B43C164BE7
07-30-2019 21:25:32.297,38,RECV,7E0059900013A200417E3816FFFE4100000052000149E012442B947C35134FF1F6C164B52FFFA0B17CA0B34C9B46C0B06C0B00C0B06CA11B69C8B00C9B25C0B00CA1B00C1B88CA0B17CA0B33C9B79C22B93C100363B30C55B43C164BE5
07-30-2019 21:25:37.247,39,RECV,7E0072900013A200417E3816FFFE4100000053000049E012442B947C45005FF1F6C164B52FFFA0B16CA0B32C9B46C0B06C0B00CA0B06CA11B69C8B75C10B06C0B00CA1B00C1B88CA0B17CA0B33C9B79C22B94C100364B59C55B24C164B12C8833B00AA00000000000000000000000000000000000080
07-30-2019 21:25:42.267,40,RECV,7E0059900013A200417E3816FFFE4100000054000040E012442B947C45005FF1F6C164B52FFFA0B16CAFB32C9B46C0B06C0B00CA0B06CA11B69C8B75C10B06C0B00CA1B00C1B88CA0B17CA0B33C9B79C22B94C100364B59C55B24C1606
07-30-2019 21:25:47.357,41,RECV,7E005A900013A200417E3816FFFE4100000055000049E012442B947C45005FF1F6C164B52FFFA0B16CA0B32C9B46C0B06C0B00CA0B06CA11B69C8B75C10B06C0B00CA1B00C1B88CA0B17CA0B33C9B79C22B94C100364B59C55B24C164BC0
07-30-2019 21:25:52.397,42,RECV,7E0058900013A200417E3816FFFE4100000056000040E012442B947C45005FF1F6C164B52FFFA0B16CAFB32C9B46C0B06C0B00CA0B06CA11B69C8B75C10B06C0B00CA1B00C1B88CA0B17CA0B33C9B79C22B94C100364B59C55B24C1A
07-30-2019 21:25:52.497,43,RECV,7E0058900013A200417E3816FFFE4100000057000147E012442B947C45005FF1F6C164B52FFFA0B16CA0B32C9B46C0B06C0B00CA0B06CA11B69C8B75C10B06C0B00CA1B00C1B88CA0B17CA0B33C9B79C22B94C100364B59C55B24C20
07-30-2019 21:25:57.597,44,RECV,7E006C900013A200417E3816FFFE4100000058000049E012543B158C4236F1F6C164B14FFFA0B15CA0B33C9B47CFB00C0B00CA0B06CA11B25C8B00C9B25C0B00CA1B00C1B88CA0B17CA0B33C9B79C22B97C100365B36C55B09C164B06C8789B50AA00000000000000000000000000005
07-30-2019 21:26:02.647,45,RECV,7E0057900013A200417E3816FFFE4100000059000040E012543B158C4236F1F6C164B14FFFA0B15CA0B33C9B47C0B00C0B00CA0B06CA11B25C8B00C9B25C0B00CA1B00C1B88CA0B17CA0B33C9B79C22B97C100365B36C55B09C10B
07-30-2019 21:26:07.707,46,RECV,7E0058900013A200417E3816FFFE410000005A000049E012543B158C4236F1F6C164B14FFFA0B15CA0B33C9B47CFB00C0B00CA0B06CA11B25C8B00C9B25C0B00CA1B00C1B88CA0B17CA0B33C9B79C22B97C100365B36C55B09C1648E
07-30-2019 21:26:07.807,47,RECV,7E0058900013A200417E3816FFFE410000005B000051E012543B158C4236F1F6C164B14FFFA0B15CA0B33C9B47C0BF0C0B00CA0B06CA11B25C8B00C9B25C0B00CA1B00C1B88CA0B17CA0B33C9B79C22B97C100365B36C55B09C16485
07-30-2019 21:26:12.797,48,RECV,7E0058900013A200417E3816FFFE410000005C000040E012543B158C4236F1F6C164B14FFFA0B15CA0B33C9B47C0B00C0B00CA0B06CA11B25C8B00C9B25C0B00CA1B00C1B88CA0B17CA0B33C9B79C22B97C100365B36C55B09C164A4
07-30-2019 21:26:12.897,49,RECV,7E0059900013A200417E3816FFFE410000005D000149E012543B158C4236F1F6C164B14FFFA0B15CA0B33C9B47C0B00C0B00CA0B06CA11B25C8B00C9B25C0B00CA1B00C1B88CA0B17CA0B33C9B79C22B97C100365B36C55B09C164B0E9
07-30-2019 21:26:12.997,50,RECV,7E006E900013A200417E3816FFFE410000005E040150E012543B158C24594FF1F6C164B14FFFA0B16CA0B35C9B46CA0B12CA0B12CA0B06CA13B06C8B75C9B69C0B00CA1B00C1B88CA0B17CA0B33C9B79C22B97C100363B98C55B00C164B17C8804B00AA000000000000000000000000000AE
07-30-2019 21:26:13.967,51,RECV,7E006C900013A200417E3816FFFE410000005F000040E012543B158C25634FF1F6C164B14FFFA0B15CAFB35C9B49C0B06C0B00C0B00CA11B69C8B38C9B69C0B00CA1B00C1B88CA0B17CA0B33C9B79C22B98C100366B95C54B90C163B93C8779B50AA0000000000000000000000000098
07-30-2019 21:26:19.007,52,RECV,7E0058900013A200417E3816FFFE4100000060000040E012543B158C25634FF1F6C164B14FFFA0B15CAFB35C9B49C0B06C0B00C0B00CA11B69C8B38C9B69C0B00CA1B00C1B88CA0B17CA0B33C9B79C22B98C100366B95C54B90C1639
07-30-2019 21:26:19.107,53,RECV,7E0059900013A200417E3816FFFE4100000061000050E012543B158C25634FF1F6C164B14FFFA0B15CA0B35C9B49CFB06C0B00C0B00CA11B69C8B38C9B69C0B00CA1B00C1B88CA0B17CA0B33C9B79C22B98C100366B95C54B90C163BED
07-30-2019 21:26:24.097,54,RECV,7E0059900013A200417E3816FFFE4100000062000050E012543B158C25634FF1F6C164B14FFFA0B15CA0B35C9B49CFB06C0B00C0B00CA11B69C8B38C9B69C0B00CA1B00C1B88CA0B17CA0B33C9B79C22B98C100366B95C54B90C163BEC
07-30-2019 21:26:29.157,55,RECV,7E0059900013A200417E3816FFFE4100000063000050E012543B158C25634FF1F6C164B14FFFA0B15CA0B35C9B49CFB06C0B00C0B00CA11B69C8B38C9B69C0B00CA1B00C1B88CA0B17CA0B33C9B79C22B98C100366B95C54B90C163BEB
07-30-2019 21:26:34.247,56,RECV,7E0059900013A200417E3816FFFE4100000064000040E012543B158C25634FF1F6C164B14FFFA0B15CAFB35C9B49C0B06C0B00C0B00CA11B69C8B38C9B69C0B00CA1B00C1B88CA0B17CA0B33C9B79C22B98C100366B95C54B90C163BFA
07-30-2019 21:26:34.347,57,RECV,7E0059900013A200417E3816FFFE4100000065000148E012543B158C25634FF1F6C164B14FFFA0B15CA0B35C9B49C0B06C0B00C0B00CA11B69C8B38C9B69C0B00CA1B00C1B88CA0B17CA0B33C9B79C22B98C100366B95C54B90C163BFF
07-30-2019 21:26:39.347,58,RECV,7E0072900013A200417E3816FFFE4100000066000040E012543B158C46001FF1F6C164B14FFFA0B17CAFB32C9B48C0B00CA0B06C0B06CA12B75C8B00C8B88C0B00CA1B00C1B88CA0B17CA0B33C9B79C23B01C100367B33C54B76C163B89C8779B00AA0000000000000000000000000000000000000CA
07-30-2019 21:26:39.447,59,RECV,7E0059900013A200417E3816FFFE4100000067000040E012543B158C46001FF1F6C164B14FFFA0B17CAFB32C9B48C0B00CA0B06C0B06CA12B75C8B00C8B88C0B00CA1B00C1B88CA0B17CA0B33C9B79C23B01C100367B33C54B76C16377
07-30-2019 21:26:44.397,60,RECV,7E0059900013A200417E3816FFFE4100000068000040E012543B158C46001FF1F6C164B14FFFA0B17CAFB32C9B48C0B00CA0B06C0B06CA12B75C8B00C8B88C0B00CA1B00C1B88CA0B17CA0B33C9B79C23B01C100367B33C54B76C16376
